******************************************************************************
                  TI ARM Linker PC v20.2.7                     
******************************************************************************
>> Linked Fri Dec 29 09:20:33 2023

OUTPUT FILE NAME:   <light-sensor.out>
ENTRY POINT SYMBOL: "_c_int00_noargs"  address: 000037a1


MEMORY CONFIGURATION

         name            origin    length      used     unused   attr    fill
----------------------  --------  ---------  --------  --------  ----  --------
  MAIN                  00000000   00040000  000040ec  0003bf14  R  X
  INFO                  00200000   00004000  00000000  00004000  R  X
  SRAM_CODE             01000000   00010000  0000023e  0000fdc2  RW X
  SRAM_DATA             20000000   00010000  0000023e  0000fdc2  RW  


SEGMENT ALLOCATION MAP

run origin  load origin   length   init length attrs members
----------  ----------- ---------- ----------- ----- -------
00000000    00000000    000040f0   000040f0    r-x
  00000000    00000000    00003b68   00003b68    r-x .text
  00003b68    00003b68    0000054c   0000054c    r-- .const
  000040b8    000040b8    00000038   00000038    r-- .cinit
20000000    20000000    00000040   00000000    rw-
  20000000    20000000    0000002a   00000000    rw- .bss
  2000002c    2000002c    00000014   00000000    rw- .data
2000fe00    2000fe00    00000200   00000000    rw-
  2000fe00    2000fe00    00000200   00000000    rw- .stack


SECTION ALLOCATION MAP

 output                                  attributes/
section   page    origin      length       input sections
--------  ----  ----------  ----------   ----------------
.text      0    00000000    00003b68     
                  00000000    00000a4e     rtsv7M4_T_le_v4SPD16_eabi.lib : _printfi.c.obj (.text:__TI_printfi)
                  00000a4e    00000002                                   : div0.asm.obj (.text)
                  00000a50    00000680     Crystalfontz128x128_ST7735.obj (.text)
                  000010d0    0000047e     grlib.a : string.obj (.text:Graphics_drawString)
                  0000154e    00000002     --HOLE-- [fill = 0]
                  00001550    00000270     rtsv7M4_T_le_v4SPD16_eabi.lib : _printfi.c.obj (.text:_pconv_a)
                  000017c0    000001d0                                   : _printfi.c.obj (.text:_pconv_g)
                  00001990    000001b6                                   : fd_add_t2.asm.obj (.text)
                  00001b46    00000002     --HOLE-- [fill = 0]
                  00001b48    0000015c     msp432p4xx_driverlib.lib : pcm.o (.text:__PCM_setPowerModeAdvanced)
                  00001ca4    00000158     main.obj (.text)
                  00001dfc    0000013c     HAL_OPT3001.obj (.text)
                  00001f38    0000013c     rtsv7M4_T_le_v4SPD16_eabi.lib : _printfi.c.obj (.text:_pconv_e)
                  00002074    00000136                                   : fd_div_t2.asm.obj (.text)
                  000021aa    00000002     --HOLE-- [fill = 0]
                  000021ac    00000130     msp432p4xx_driverlib.lib : cs.o (.text:CS_initClockSignal)
                  000022dc    00000124     rtsv7M4_T_le_v4SPD16_eabi.lib : _printfi.c.obj (.text:fcvt)
                  00002400    00000118     HAL_I2C.obj (.text)
                  00002518    00000110     rtsv7M4_T_le_v4SPD16_eabi.lib : s_scalbn.c.obj (.text:scalbn)
                  00002628    00000108     msp432p4xx_driverlib.lib : pcm.o (.text:__PCM_setCoreVoltageLevelAdvanced)
                  00002730    000000fc     rtsv7M4_T_le_v4SPD16_eabi.lib : fd_mul_t2.asm.obj (.text)
                  0000282c    000000fa     grlib.a : string.obj (.text:Graphics_getStringWidth)
                  00002926    00000002     --HOLE-- [fill = 0]
                  00002928    000000cc     HAL_MSP_EXP432P401R_Crystalfontz128x128_ST7735.obj (.text)
                  000029f4    000000b1     rtsv7M4_T_le_v4SPD16_eabi.lib : _printfi.c.obj (.text:_ltostr)
                  00002aa5    00000001     --HOLE-- [fill = 0]
                  00002aa6    000000b0     msp432p4xx_driverlib.lib : spi.o (.text:SPI_initMaster)
                  00002b56    0000009c     grlib.a : line.obj (.text:Graphics_drawLineH)
                  00002bf2    0000009c     rtsv7M4_T_le_v4SPD16_eabi.lib : memcpy_t2.asm.obj (.text)
                  00002c8e    00000096                                   : ull_div_t2.asm.obj (.text)
                  00002d24    00000088     msp432p4xx_driverlib.lib : gpio.o (.text:GPIO_setAsPeripheralModuleFunctionOutputPin)
                  00002dac    00000086     rtsv7M4_T_le_v4SPD16_eabi.lib : fd_cmp_t2.asm.obj (.text:__aeabi_cdcmple)
                  00002e32    00000086                                   : fd_cmp_t2.asm.obj (.text:__aeabi_cdrcmple)
                  00002eb8    0000007a                                   : memset_t2.asm.obj (.text)
                  00002f32    0000006e                                   : _printfi.c.obj (.text:_mcpy)
                  00002fa0    0000006c     msp432p4xx_driverlib.lib : i2c.o (.text:I2C_masterSendMultiByteFinish)
                  0000300c    00000068                              : i2c.o (.text:I2C_masterSendMultiByteStart)
                  00003074    00000068     rtsv7M4_T_le_v4SPD16_eabi.lib : copy_decompress_lzss.c.obj (.text:decompress:lzss:__TI_decompress_lzss)
                  000030dc    00000064                                   : s_frexp.c.obj (.text:frexp)
                  00003140    00000062     msp432p4xx_driverlib.lib : i2c.o (.text:I2C_initMaster)
                  000031a2    0000005e                              : pcm.o (.text:PCM_getCoreVoltageLevel)
                  00003200    0000005a                              : pcm.o (.text:PCM_getPowerMode)
                  0000325a    00000056     rtsv7M4_T_le_v4SPD16_eabi.lib : _printfi.c.obj (.text:_pconv_f)
                  000032b0    00000054                                   : _ltoa.c.obj (.text:__TI_ltoa)
                  00003304    00000052     grlib.a : context.obj (.text:Graphics_initContext)
                  00003356    00000052     rtsv7M4_T_le_v4SPD16_eabi.lib : _printfi.c.obj (.text:_ecpy)
                  000033a8    0000004c                                   : atoi.c.obj (.text:atoi)
                  000033f4    00000048     msp432p4xx_driverlib.lib : flash.o (.text:FlashCtl_setWaitState)
                  0000343c    00000048     grlib.a : string.obj (.text:Graphics_drawStringCentered)
                  00003484    00000048     rtsv7M4_T_le_v4SPD16_eabi.lib : fd_toi_t2.asm.obj (.text)
                  000034cc    00000044                                   : autoinit.c.obj (.text:__TI_auto_init_nobinit_nopinit:__TI_auto_init_nobinit_nopinit)
                  00003510    00000040     msp432p4xx_driverlib.lib : gpio.o (.text:GPIO_setAsOutputPin)
                  00003550    00000040     grlib.a : string.obj (.text:Graphics_getNumberOfLeadingZeros)
                  00003590    00000040     msp432p4xx_driverlib.lib : i2c.o (.text:I2C_masterReceiveMultiByteFinish)
                  000035d0    00000040                              : spi.o (.text:is_A_Module)
                  00003610    00000040     rtsv7M4_T_le_v4SPD16_eabi.lib : sprintf.c.obj (.text:sprintf)
                  00003650    0000003e                                   : _printfi.c.obj (.text:_fcpy)
                  0000368e    00000002     --HOLE-- [fill = 0]
                  00003690    00000038     msp432p4xx_driverlib.lib : i2c.o (.text:I2C_masterSendMultiByteStop)
                  000036c8    00000038     rtsv7M4_T_le_v4SPD16_eabi.lib : fs_tod_t2.asm.obj (.text)
                  00003700    00000036     grlib.a : display.obj (.text:Graphics_drawHorizontalLineOnDisplay)
                  00003736    00000002     --HOLE-- [fill = 0]
                  00003738    00000034     msp432p4xx_driverlib.lib : cs.o (.text:CS_setDCOCenteredFrequency)
                  0000376c    00000034                              : i2c.o (.text:I2C_masterSendMultiByteNext)
                  000037a0    00000034     rtsv7M4_T_le_v4SPD16_eabi.lib : boot_cortex_m.c.obj (.text:_c_int00_noargs:_c_int00_noargs)
                  000037d4    0000002e                                   : i_tofd_t2.asm.obj (.text)
                  00003802    0000002c     grlib.a : display.obj (.text:Graphics_drawPixelOnDisplay)
                  0000382e    00000002     --HOLE-- [fill = 0]
                  00003830    00000028     msp432p4xx_driverlib.lib : gpio.o (.text:GPIO_setOutputHighOnPin)
                  00003858    00000028                              : gpio.o (.text:GPIO_setOutputLowOnPin)
                  00003880    00000024                              : wdt_a.o (.text:WDT_A_holdTimer)
                  000038a4    0000001c                              : i2c.o (.text:I2C_setMode)
                  000038c0    0000001c                              : spi.o (.text:SPI_enableModule)
                  000038dc    0000001c     rtsv7M4_T_le_v4SPD16_eabi.lib : copy_zero_init.c.obj (.text:decompress:ZI:__TI_zero_init_nomemset:__TI_zero_init_nomemset)
                  000038f8    0000001c                                   : memccpy.c.obj (.text:memccpy)
                  00003914    0000001a     grlib.a : display.obj (.text:Graphics_clearDisplayOnDisplay)
                  0000392e    0000001a             : context.obj (.text:Graphics_setBackgroundColor)
                  00003948    0000001a             : context.obj (.text:Graphics_setFont)
                  00003962    0000001a     msp432p4xx_driverlib.lib : i2c.o (.text:I2C_masterReceiveStart)
                  0000397c    0000001a     rtsv7M4_T_le_v4SPD16_eabi.lib : s_copysign.c.obj (.text:copysign)
                  00003996    00000018     msp432p4xx_driverlib.lib : i2c.o (.text:I2C_getInterruptStatus)
                  000039ae    00000002     --HOLE-- [fill = 0]
                  000039b0    00000018                              : i2c.o (.text:I2C_isBusBusy)
                  000039c8    00000018     rtsv7M4_T_le_v4SPD16_eabi.lib : sprintf.c.obj (.text:_outs)
                  000039e0    00000016     msp432p4xx_driverlib.lib : spi.o (.text:EUSCI_A_SPI_enable)
                  000039f6    00000016                              : spi.o (.text:EUSCI_B_SPI_enable)
                  00003a0c    00000016     grlib.a : context.obj (.text:Graphics_setForegroundColor)
                  00003a22    00000016             : display.obj (.text:Graphics_translateColorOnDisplay)
                  00003a38    00000016     msp432p4xx_driverlib.lib : i2c.o (.text:I2C_clearInterruptFlag)
                  00003a4e    00000016                              : i2c.o (.text:I2C_disableModule)
                  00003a64    00000016                              : i2c.o (.text:I2C_enableModule)
                  00003a7a    00000016     rtsv7M4_T_le_v4SPD16_eabi.lib : strchr.c.obj (.text:strchr)
                  00003a90    00000014     msp432p4xx_driverlib.lib : i2c.o (.text:I2C_masterReceiveMultiByteNext)
                  00003aa4    00000014                              : i2c.o (.text:I2C_setSlaveAddress)
                  00003ab8    00000014                              : pcm.o (.text:PCM_getPowerState)
                  00003acc    00000014     rtsv7M4_T_le_v4SPD16_eabi.lib : strlen.c.obj (.text:strlen)
                  00003ae0    00000012     grlib.a : context.obj (.text:Graphics_clearDisplay)
                  00003af2    00000012     rtsv7M4_T_le_v4SPD16_eabi.lib : wcslen.c.obj (.text:wcslen)
                  00003b04    00000010     msp432p4xx_driverlib.lib : interrupt.o (.text:Interrupt_disableMaster)
                  00003b14    00000010                              : pcm.o (.text:PCM_setCoreVoltageLevel)
                  00003b24    00000010                              : pcm.o (.text:PCM_setPowerMode)
                  00003b34    0000000e     rtsv7M4_T_le_v4SPD16_eabi.lib : copy_decompress_none.c.obj (.text:decompress:none:__TI_decompress_none)
                  00003b42    0000000c     msp432p4xx_driverlib.lib : cpu.o (.text:CPU_cpsid)
                  00003b4e    0000000a     rtsv7M4_T_le_v4SPD16_eabi.lib : sprintf.c.obj (.text:_outc)
                  00003b58    00000008                                   : errno.c.obj (.text:__aeabi_errno_addr)
                  00003b60    00000004                                   : pre_init.c.obj (.text:_system_pre_init)
                  00003b64    00000004                                   : exit.c.obj (.text:abort:abort)

.const     0    00003b68    0000054c     
                  00003b68    000002f8     grlib.a : fontfixed6x8.obj (.const:.string:g_pucFontFixed6x8Data)
                  00003e60    00000101     rtsv7M4_T_le_v4SPD16_eabi.lib : ctype.c.obj (.const:.string:_ctypes_)
                  00003f61    00000003     --HOLE-- [fill = 0]
                  00003f64    000000c8     grlib.a : fontfixed6x8.obj (.const:g_sFontFixed6x8)
                  0000402c    00000030     msp432p4xx_driverlib.lib : gpio.o (.const:GPIO_PORT_TO_BASE)
                  0000405c    00000020     Crystalfontz128x128_ST7735.obj (.const:g_sCrystalfontz128x128_funcs)
                  0000407c    0000001c     HAL_MSP_EXP432P401R_Crystalfontz128x128_ST7735.obj (.const:$P$T0$1)
                  00004098    00000014     HAL_I2C.obj (.const:i2cConfig)
                  000040ac    00000008     Crystalfontz128x128_ST7735.obj (.const:$P$T0$1)

.cinit     0    000040b8    00000038     
                  000040b8    0000000d     (.cinit..data.load) [load image, compression = lzss]
                  000040c5    00000003     --HOLE-- [fill = 0]
                  000040c8    0000000c     (__TI_handler_table)
                  000040d4    00000004     --HOLE-- [fill = 0]
                  000040d8    00000008     (.cinit..bss.load) [load image, compression = zero_init]
                  000040e0    00000010     (__TI_cinit_table)

.init_array 
*          0    00000000    00000000     UNINITIALIZED

.binit     0    00000000    00000000     

.bss       0    20000000    0000002a     UNINITIALIZED
                  20000000    0000001c     (.common:g_sContext)
                  2000001c    00000004     (.common:lux)
                  20000020    00000002     (.common:Lcd_ScreenHeigth)
                  20000022    00000002     (.common:Lcd_ScreenWidth)
                  20000024    00000002     (.common:Lcd_TouchTrim)
                  20000026    00000001     (.common:Lcd_FlagRead)
                  20000027    00000001     (.common:Lcd_FontSolid)
                  20000028    00000001     (.common:Lcd_Orientation)
                  20000029    00000001     (.common:Lcd_PenSolid)

.data      0    2000002c    00000014     UNINITIALIZED
                  2000002c    00000010     Crystalfontz128x128_ST7735.obj (.data:g_sCrystalfontz128x128)
                  2000003c    00000004     rtsv7M4_T_le_v4SPD16_eabi.lib : errno.c.obj (.data)

.stack     0    2000fe00    00000200     UNINITIALIZED
                  2000fe00    00000004     rtsv7M4_T_le_v4SPD16_eabi.lib : boot_cortex_m.c.obj (.stack)
                  2000fe04    000001fc     --HOLE--

__llvm_prf_cnts 
*          0    20000000    00000000     UNINITIALIZED

MODULE SUMMARY

       Module                                               code    ro data   rw data
       ------                                               ----    -------   -------
    .\
       main.obj                                             344     0         64     
       HAL_OPT3001.obj                                      316     0         0      
       HAL_I2C.obj                                          280     20        0      
    +--+----------------------------------------------------+-------+---------+---------+
       Total:                                               940     20        64     
                                                                                     
    .\LcdDriver\
       Crystalfontz128x128_ST7735.obj                       1664    40        52     
       HAL_MSP_EXP432P401R_Crystalfontz128x128_ST7735.obj   204     28        0      
    +--+----------------------------------------------------+-------+---------+---------+
       Total:                                               1868    68        52     
                                                                                     
    C:/simplelink_msp432p4_sdk_3_40_01_02/source/ti/devices/msp432p4xx/driverlib/ccs/msp432p4xx_driverlib.lib
       pcm.o                                                848     0         0      
       i2c.o                                                690     0         0      
       cs.o                                                 356     0         0      
       gpio.o                                               280     48        0      
       spi.o                                                312     0         0      
       flash.o                                              72      0         0      
       wdt_a.o                                              36      0         0      
       interrupt.o                                          16      0         0      
       cpu.o                                                12      0         0      
    +--+----------------------------------------------------+-------+---------+---------+
       Total:                                               2622    48        0      
                                                                                     
    C:/simplelink_msp432p4_sdk_3_40_01_02/source/ti/grlib/lib/ccs/m4f/grlib.a
       string.obj                                           1536    0         0      
       fontfixed6x8.obj                                     0       960       0      
       context.obj                                          174     0         0      
       line.obj                                             156     0         0      
       display.obj                                          146     0         0      
    +--+----------------------------------------------------+-------+---------+---------+
       Total:                                               2012    960       0      
                                                                                     
    C:\ti\ccs1250\ccs\tools\compiler\ti-cgt-arm_20.2.7.LTS\lib\rtsv7M4_T_le_v4SPD16_eabi.lib
       _printfi.c.obj                                       4851    0         0      
       fd_add_t2.asm.obj                                    438     0         0      
       fd_div_t2.asm.obj                                    310     0         0      
       s_scalbn.c.obj                                       272     0         0      
       fd_cmp_t2.asm.obj                                    268     0         0      
       ctype.c.obj                                          0       257       0      
       fd_mul_t2.asm.obj                                    252     0         0      
       memcpy_t2.asm.obj                                    156     0         0      
       ull_div_t2.asm.obj                                   150     0         0      
       memset_t2.asm.obj                                    122     0         0      
       copy_decompress_lzss.c.obj                           104     0         0      
       s_frexp.c.obj                                        100     0         0      
       sprintf.c.obj                                        98      0         0      
       _ltoa.c.obj                                          84      0         0      
       atoi.c.obj                                           76      0         0      
       fd_toi_t2.asm.obj                                    72      0         0      
       autoinit.c.obj                                       68      0         0      
       fs_tod_t2.asm.obj                                    56      0         0      
       boot_cortex_m.c.obj                                  52      0         0      
       i_tofd_t2.asm.obj                                    46      0         0      
       copy_zero_init.c.obj                                 28      0         0      
       memccpy.c.obj                                        28      0         0      
       s_copysign.c.obj                                     26      0         0      
       strchr.c.obj                                         22      0         0      
       strlen.c.obj                                         20      0         0      
       wcslen.c.obj                                         18      0         0      
       errno.c.obj                                          8       0         8      
       copy_decompress_none.c.obj                           14      0         0      
       exit.c.obj                                           4       0         0      
       pre_init.c.obj                                       4       0         0      
       div0.asm.obj                                         2       0         0      
    +--+----------------------------------------------------+-------+---------+---------+
       Total:                                               7749    257       8      
                                                                                     
       Stack:                                               0       0         1024   
       Linker Generated:                                    0       49        0      
    +--+----------------------------------------------------+-------+---------+---------+
       Grand Total:                                         15191   1402      1148   


LINKER GENERATED COPY TABLES

__TI_cinit_table @ 000040e0 records: 2, size/record: 8, table size: 16
	.data: load addr=000040b8, load size=0000000d bytes, run addr=2000002c, run size=00000014 bytes, compression=lzss
	.bss: load addr=000040d8, load size=00000008 bytes, run addr=20000000, run size=0000002a bytes, compression=zero_init


LINKER GENERATED HANDLER TABLE

__TI_handler_table @ 000040c8 records: 3, size/record: 4, table size: 12
	index: 0, handler: __TI_decompress_lzss
	index: 1, handler: __TI_decompress_none
	index: 2, handler: __TI_zero_init


GLOBAL SYMBOLS: SORTED ALPHABETICALLY BY Name 

address   name                                       
-------   ----                                       
00003b65  C$$EXIT                                    
00003b43  CPU_cpsid                                  
000021ad  CS_initClockSignal                         
00003739  CS_setDCOCenteredFrequency                 
00000a51  Crystalfontz128x128_Init                   
00000b65  Crystalfontz128x128_SetDrawFrame           
00000c93  Crystalfontz128x128_SetOrientation         
000039e1  EUSCI_A_SPI_enable                         
000039f7  EUSCI_B_SPI_enable                         
000033f5  FlashCtl_setWaitState                      
00003511  GPIO_setAsOutputPin                        
00002d25  GPIO_setAsPeripheralModuleFunctionOutputPin
00003831  GPIO_setOutputHighOnPin                    
00003859  GPIO_setOutputLowOnPin                     
00003ae1  Graphics_clearDisplay                      
00003915  Graphics_clearDisplayOnDisplay             
00003701  Graphics_drawHorizontalLineOnDisplay       
00002b57  Graphics_drawLineH                         
00003803  Graphics_drawPixelOnDisplay                
000010d1  Graphics_drawString                        
0000343d  Graphics_drawStringCentered                
0000282d  Graphics_getStringWidth                    
00003305  Graphics_initContext                       
0000392f  Graphics_setBackgroundColor                
00003949  Graphics_setFont                           
00003a0d  Graphics_setForegroundColor                
00003a23  Graphics_translateColorOnDisplay           
00002929  HAL_LCD_PortInit                           
00002959  HAL_LCD_SpiInit                            
0000298f  HAL_LCD_writeCommand                       
000029bf  HAL_LCD_writeData                          
00003a39  I2C_clearInterruptFlag                     
00003a4f  I2C_disableModule                          
00003a65  I2C_enableModule                           
00003997  I2C_getInterruptStatus                     
00002419  I2C_init                                   
00003141  I2C_initMaster                             
000039b1  I2C_isBusBusy                              
00003591  I2C_masterReceiveMultiByteFinish           
00003a91  I2C_masterReceiveMultiByteNext             
00003963  I2C_masterReceiveStart                     
00002fa1  I2C_masterSendMultiByteFinish              
0000376d  I2C_masterSendMultiByteNext                
0000300d  I2C_masterSendMultiByteStart               
00003691  I2C_masterSendMultiByteStop                
00002431  I2C_read16                                 
000038a5  I2C_setMode                                
00003aa5  I2C_setSlaveAddress                        
000024fb  I2C_setslave                               
000024b7  I2C_write16                                
00002401  Init_I2C_GPIO                              
00003b05  Interrupt_disableMaster                    
20000026  Lcd_FlagRead                               
20000027  Lcd_FontSolid                              
20000028  Lcd_Orientation                            
20000029  Lcd_PenSolid                               
20000020  Lcd_ScreenHeigth                           
20000022  Lcd_ScreenWidth                            
20000024  Lcd_TouchTrim                              
00001e61  OPT3001_getLux                             
00001dfd  OPT3001_init                               
00001e31  OPT3001_readConfigReg                      
00001e21  OPT3001_readDeviceId                       
00001e51  OPT3001_readHighLimitReg                   
00001e41  OPT3001_readLowLimitReg                    
00001e11  OPT3001_readManufacturerId                 
000031a3  PCM_getCoreVoltageLevel                    
00003201  PCM_getPowerMode                           
00003ab9  PCM_getPowerState                          
00003b15  PCM_setCoreVoltageLevel                    
00003b25  PCM_setPowerMode                           
000038c1  SPI_enableModule                           
00002aa7  SPI_initMaster                             
4000480c  WDTCTL_SYM                                 
00003881  WDT_A_holdTimer                            
20010000  __STACK_END                                
00000200  __STACK_SIZE                               
000040e0  __TI_CINIT_Base                            
000040f0  __TI_CINIT_Limit                           
000040c8  __TI_Handler_Table_Base                    
000040d4  __TI_Handler_Table_Limit                   
000034cd  __TI_auto_init_nobinit_nopinit             
00003075  __TI_decompress_lzss                       
00003b35  __TI_decompress_none                       
000032b1  __TI_ltoa                                  
ffffffff  __TI_pprof_out_hndl                        
00000001  __TI_printfi                               
ffffffff  __TI_prof_data_size                        
ffffffff  __TI_prof_data_start                       
00000000  __TI_static_base__                         
000038dd  __TI_zero_init_nomemset                    
00002dad  __aeabi_cdcmpeq                            
00002dad  __aeabi_cdcmple                            
00002e33  __aeabi_cdrcmple                           
00003485  __aeabi_d2iz                               
0000199b  __aeabi_dadd                               
00002075  __aeabi_ddiv                               
00002731  __aeabi_dmul                               
00001991  __aeabi_dsub                               
00003b59  __aeabi_errno_addr                         
000036c9  __aeabi_f2d                                
000037d5  __aeabi_i2d                                
00000a4f  __aeabi_idiv0                              
00000a4f  __aeabi_ldiv0                              
00002eb9  __aeabi_memclr                             
00002eb9  __aeabi_memclr4                            
00002eb9  __aeabi_memclr8                            
00002bf3  __aeabi_memcpy                             
00002bf3  __aeabi_memcpy4                            
00002bf3  __aeabi_memcpy8                            
00002ebb  __aeabi_memset                             
00002ebb  __aeabi_memset4                            
00002ebb  __aeabi_memset8                            
00002c8f  __aeabi_uldivmod                           
ffffffff  __binit__                                  
ffffffff  __c_args__                                 
UNDEFED   __mpu_init                                 
2000fe00  __stack                                    
20000000  __start___llvm_prf_cnts                    
20000000  __stop___llvm_prf_cnts                     
000037a1  _c_int00_noargs                            
00003e60  _ctypes_                                   
00001cc5  _graphicsInit                              
00001cff  _hwInit                                    
00001ca5  _lightSensorInit                           
UNDEFED   _system_post_cinit                         
00003b61  _system_pre_init                           
00003b65  abort                                      
000033a9  atoi                                       
ffffffff  binit                                      
0000397d  copysign                                   
0000397d  copysignl                                  
2000003c  errno                                      
000030dd  frexp                                      
000030dd  frexpl                                     
20000000  g_sContext                                 
2000002c  g_sCrystalfontz128x128                     
0000405c  g_sCrystalfontz128x128_funcs               
00003f64  g_sFontFixed6x8                            
00004098  i2cConfig                                  
00002519  ldexp                                      
00002519  ldexpl                                     
2000001c  lux                                        
00001d59  main                                       
000038f9  memccpy                                    
00002bf3  memcpy                                     
00002ec1  memset                                     
00002519  scalbn                                     
00002519  scalbnl                                    
00003611  sprintf                                    
00003a7b  strchr                                     
00003acd  strlen                                     
00003af3  wcslen                                     


GLOBAL SYMBOLS: SORTED BY Symbol Address 

address   name                                       
-------   ----                                       
00000000  __TI_static_base__                         
00000001  __TI_printfi                               
00000200  __STACK_SIZE                               
00000a4f  __aeabi_idiv0                              
00000a4f  __aeabi_ldiv0                              
00000a51  Crystalfontz128x128_Init                   
00000b65  Crystalfontz128x128_SetDrawFrame           
00000c93  Crystalfontz128x128_SetOrientation         
000010d1  Graphics_drawString                        
00001991  __aeabi_dsub                               
0000199b  __aeabi_dadd                               
00001ca5  _lightSensorInit                           
00001cc5  _graphicsInit                              
00001cff  _hwInit                                    
00001d59  main                                       
00001dfd  OPT3001_init                               
00001e11  OPT3001_readManufacturerId                 
00001e21  OPT3001_readDeviceId                       
00001e31  OPT3001_readConfigReg                      
00001e41  OPT3001_readLowLimitReg                    
00001e51  OPT3001_readHighLimitReg                   
00001e61  OPT3001_getLux                             
00002075  __aeabi_ddiv                               
000021ad  CS_initClockSignal                         
00002401  Init_I2C_GPIO                              
00002419  I2C_init                                   
00002431  I2C_read16                                 
000024b7  I2C_write16                                
000024fb  I2C_setslave                               
00002519  ldexp                                      
00002519  ldexpl                                     
00002519  scalbn                                     
00002519  scalbnl                                    
00002731  __aeabi_dmul                               
0000282d  Graphics_getStringWidth                    
00002929  HAL_LCD_PortInit                           
00002959  HAL_LCD_SpiInit                            
0000298f  HAL_LCD_writeCommand                       
000029bf  HAL_LCD_writeData                          
00002aa7  SPI_initMaster                             
00002b57  Graphics_drawLineH                         
00002bf3  __aeabi_memcpy                             
00002bf3  __aeabi_memcpy4                            
00002bf3  __aeabi_memcpy8                            
00002bf3  memcpy                                     
00002c8f  __aeabi_uldivmod                           
00002d25  GPIO_setAsPeripheralModuleFunctionOutputPin
00002dad  __aeabi_cdcmpeq                            
00002dad  __aeabi_cdcmple                            
00002e33  __aeabi_cdrcmple                           
00002eb9  __aeabi_memclr                             
00002eb9  __aeabi_memclr4                            
00002eb9  __aeabi_memclr8                            
00002ebb  __aeabi_memset                             
00002ebb  __aeabi_memset4                            
00002ebb  __aeabi_memset8                            
00002ec1  memset                                     
00002fa1  I2C_masterSendMultiByteFinish              
0000300d  I2C_masterSendMultiByteStart               
00003075  __TI_decompress_lzss                       
000030dd  frexp                                      
000030dd  frexpl                                     
00003141  I2C_initMaster                             
000031a3  PCM_getCoreVoltageLevel                    
00003201  PCM_getPowerMode                           
000032b1  __TI_ltoa                                  
00003305  Graphics_initContext                       
000033a9  atoi                                       
000033f5  FlashCtl_setWaitState                      
0000343d  Graphics_drawStringCentered                
00003485  __aeabi_d2iz                               
000034cd  __TI_auto_init_nobinit_nopinit             
00003511  GPIO_setAsOutputPin                        
00003591  I2C_masterReceiveMultiByteFinish           
00003611  sprintf                                    
00003691  I2C_masterSendMultiByteStop                
000036c9  __aeabi_f2d                                
00003701  Graphics_drawHorizontalLineOnDisplay       
00003739  CS_setDCOCenteredFrequency                 
0000376d  I2C_masterSendMultiByteNext                
000037a1  _c_int00_noargs                            
000037d5  __aeabi_i2d                                
00003803  Graphics_drawPixelOnDisplay                
00003831  GPIO_setOutputHighOnPin                    
00003859  GPIO_setOutputLowOnPin                     
00003881  WDT_A_holdTimer                            
000038a5  I2C_setMode                                
000038c1  SPI_enableModule                           
000038dd  __TI_zero_init_nomemset                    
000038f9  memccpy                                    
00003915  Graphics_clearDisplayOnDisplay             
0000392f  Graphics_setBackgroundColor                
00003949  Graphics_setFont                           
00003963  I2C_masterReceiveStart                     
0000397d  copysign                                   
0000397d  copysignl                                  
00003997  I2C_getInterruptStatus                     
000039b1  I2C_isBusBusy                              
000039e1  EUSCI_A_SPI_enable                         
000039f7  EUSCI_B_SPI_enable                         
00003a0d  Graphics_setForegroundColor                
00003a23  Graphics_translateColorOnDisplay           
00003a39  I2C_clearInterruptFlag                     
00003a4f  I2C_disableModule                          
00003a65  I2C_enableModule                           
00003a7b  strchr                                     
00003a91  I2C_masterReceiveMultiByteNext             
00003aa5  I2C_setSlaveAddress                        
00003ab9  PCM_getPowerState                          
00003acd  strlen                                     
00003ae1  Graphics_clearDisplay                      
00003af3  wcslen                                     
00003b05  Interrupt_disableMaster                    
00003b15  PCM_setCoreVoltageLevel                    
00003b25  PCM_setPowerMode                           
00003b35  __TI_decompress_none                       
00003b43  CPU_cpsid                                  
00003b59  __aeabi_errno_addr                         
00003b61  _system_pre_init                           
00003b65  C$$EXIT                                    
00003b65  abort                                      
00003e60  _ctypes_                                   
00003f64  g_sFontFixed6x8                            
0000405c  g_sCrystalfontz128x128_funcs               
00004098  i2cConfig                                  
000040c8  __TI_Handler_Table_Base                    
000040d4  __TI_Handler_Table_Limit                   
000040e0  __TI_CINIT_Base                            
000040f0  __TI_CINIT_Limit                           
20000000  __start___llvm_prf_cnts                    
20000000  __stop___llvm_prf_cnts                     
20000000  g_sContext                                 
2000001c  lux                                        
20000020  Lcd_ScreenHeigth                           
20000022  Lcd_ScreenWidth                            
20000024  Lcd_TouchTrim                              
20000026  Lcd_FlagRead                               
20000027  Lcd_FontSolid                              
20000028  Lcd_Orientation                            
20000029  Lcd_PenSolid                               
2000002c  g_sCrystalfontz128x128                     
2000003c  errno                                      
2000fe00  __stack                                    
20010000  __STACK_END                                
4000480c  WDTCTL_SYM                                 
ffffffff  __TI_pprof_out_hndl                        
ffffffff  __TI_prof_data_size                        
ffffffff  __TI_prof_data_start                       
ffffffff  __binit__                                  
ffffffff  __c_args__                                 
ffffffff  binit                                      
UNDEFED   __mpu_init                                 
UNDEFED   _system_post_cinit                         

[153 symbols]
